============================= test session starts =============================
platform win32 -- Python 3.12.3, pytest-9.0.2, pluggy-1.6.0
rootdir: C:\Users\muham\.gemini\antigravity\scratch\xai-gyn
plugins: cov-7.0.0
collected 24 items / 1 error

=================================== ERRORS ====================================
_____________________ ERROR collecting tests/test_api.py ______________________
ImportError while importing test module 'C:\Users\muham\.gemini\antigravity\scratch\xai-gyn\tests\test_api.py'.
Hint: make sure your test modules/packages have valid Python names.
Traceback:
C:\Program Files\Python312\Lib\importlib\__init__.py:90: in import_module
    return _bootstrap._gcd_import(name[level:], package, level)
           ^^^^^^^^^^^^^^^^^^^^^^^^^^^^^^^^^^^^^^^^^^^^^^^^^^^^
tests\test_api.py:12: in <module>
    from web.app import app
web\app.py:14: in <module>
    from flask import Flask, request, jsonify, render_template, send_from_directory
E   ModuleNotFoundError: No module named 'flask'
=========================== short test summary info ===========================
ERROR tests/test_api.py
!!!!!!!!!!!!!!!!!!! Interrupted: 1 error during collection !!!!!!!!!!!!!!!!!!!!
============================== 1 error in 17.31s ==============================
